yolo/char.txt read_from_mmap content=4a 61 6e 
yolo/char.txt read_from_fread content=4a 61 6e 
yolo/short.txt read_from_mmap content=7e3a 302 7fff af2 
yolo/short.txt read_from_fread content=7e3a 302 7fff af2 
yolo/long.txt read_from_mmap content=8acd78be 33ff21ee 
yolo/long.txt read_from_fread content=8acd78be 33ff21ee 
yolo/int8_t.txt read_from_mmap content=4a 61 6e 
yolo/int8_t.txt read_from_fread content=4a 61 6e 
yolo/int16_t.txt read_from_mmap content=7e3a 512a ffff8321 af2 
yolo/int16_t.txt read_from_fread content=7e3a 512a ffff8321 af2 
yolo/int32_t.txt read_from_mmap content=e3a278be 2eee 
yolo/int32_t.txt read_from_fread content=e3a278be 2eee 
yolo/uchar.txt read_from_mmap content=54 65 6c 65 6e 6f 72 
yolo/uchar.txt read_from_fread content=54 65 6c 65 6e 6f 72 
yolo/ushort.txt read_from_mmap content=5465 ffff 6e6f 
yolo/ushort.txt read_from_fread content=5465 ffff 6e6f 
yolo/ulong.txt read_from_mmap content=aabbccdd 98765432 a 
yolo/ulong.txt read_from_fread content=aabbccdd 98765432 a 
yolo/uint8_t.txt read_from_mmap content=b6 61 6e 
yolo/uint8_t.txt read_from_fread content=b6 61 6e 
yolo/uint16_t.txt read_from_mmap content=7e3a 512a 8321 af2 
yolo/uint16_t.txt read_from_fread content=7e3a 512a 8321 af2 
yolo/uint32_t.txt read_from_mmap content=e3a278be 2eee 
yolo/uint32_t.txt read_from_fread content=e3a278be 2eee 
yolo/float.txt read_from_mmap content=133.720993 -31.081987 
yolo/float.txt read_from_fread content=133.720993 -31.081987 
yolo/double.txt read_from_mmap content=511.387382 123.213998 -31.081988 
yolo/double.txt read_from_fread content=511.387382 123.213998 -31.081988 
