USER=web_user
LOGNAME=web_user
PATH=/
PWD=/
HOME=/home/web_user
LANG=C.UTF-8
_=/home/sean/projects/php-wasm/emscripten/out/test/test_environ.js
