1, 2, 3, 5, 8, 9, 13, 16
3, 3, 4, 6, 6, 8, 9, 10
1, 4, 5, 7, 8, 9, 12, 13
