value passed struct: 42 and 21
va_arg struct: 42 and 21
