Stack used: 0
Stack used: 262144
Stack used: 524288
Stack used: 786432
Stack used: 1048576
Stack used: 1310720
Stack used: 1572864
Stack used: 1835008
Stack used: 2097152
Stack used: 2359296
Stack used: 2621440
