*1,10,10.5,1,1.2340,0.00*
fmin(0.33, 0.50) => 0.33, 0.33
fmin(nan, 0.50) => 0.50, 0.50
fmin(0.00, -0.00) => 0.00, -0.00
fmax(0.33, 0.50) => 0.50, 0.50
fmax(nan, 0.50) => 0.50, 0.50
fmax(0.00, -0.00) => 0.00, -0.00
fminf(0.33, 0.50) => 0.33, 0.33
fminf(nan, 0.50) => 0.50, 0.50
fminf(0.00, -0.00) => 0.00, -0.00
fmaxf(0.33, 0.50) => 0.50, 0.50
fmaxf(nan, 0.50) => 0.50, 0.50
fmaxf(0.00, -0.00) => 0.00, -0.00
small: 0.0000010000
double: 1123456789012345651200.000000
