fd: 0 errno: 0
fd: 0 errno: 0 bytes: 11
dupfd: 3
status: 0
fd: 0 errno: 0 bytes: 10
