STDOUT
CAN PRINT TO STDOUT WITH fd = 3
DUP2
STDOUT
CAN PRINT TO STDOUT WITH fd = 5
CAN PRINT TO STDOUT WITH fd = 5
CAN PRINT TO STDOUT WITH fd = 5
CAN PRINT TO STDOUT WITH f8 = 4069
