WORKING
Errno: Is a directory
Errno: Is a directory
