readlink: 'link'
errno: No error information

readlink: 'file'
errno: Invalid argument

readlink: 'directory'
errno: Invalid argument

symlink: 'directory/relative'
buffer: 'Relative'

symlink: 'directory/subdirectory/subrelative'
buffer: 'Subrelative'

symlink: 'subdirectoryrelative'
buffer: 'Subdirectory'

symlink: '/working/directory/absolute'
buffer: 'Absolute'

symlink: '/working/directory/subdirectory/subabsolute'
buffer: 'Subabsolute'

symlink: '/working/subdirectoryabsolute'
buffer: 'Subdirectory'
