x = 5
field is 24 / 75
vector is 3 / 8
field is 24 / 75
vector is 24 / 75
field is 18 / 32
