Errno: No error information
Errno: No error information
Test
Errno: Invalid argument
Errno: File exists
Errno: No such file or directory
Errno: No error information
