Success

Fatal error in FS.readFile: pathname does not exist.
Aborted(native code called abort())
Fatal error in FS.readFile: pathname is empty.
Aborted(native code called abort())
