in main
nested call to callUserCallback detected (This should only be used to enter from the event loop)
in user callback
before: false
in user callback; without runtimeKeepalivePush
myatexit
