wrote profile of 236 bytes (allocated 236 bytes)
Hello from main!
Hello from lib!
