testing cancel followed by proxy
testing exit followed by proxy
done
