Testing async proxying
Testing sync proxying
Testing sync_with_ctx proxying
Testing callback proxying
done
